Microchip MPLAB XC8 Compiler V2.41

Linker command line:

-W-3 \
  --edf=C:\Program Files\Microchip\xc8\v2.41\pic\dat\20230208172133_en.msgs \
  -cn -h+dist/default/production\Week_10_3.X.production.sym \
  --cmf=dist/default/production\Week_10_3.X.production.cmf -z -Q18F45K22 \
  -oC:\Users\ABDULL~1\AppData\Local\Temp\xcAs8a4.\driver_tmp_3.o \
  --defsym=__MPLAB_BUILD=1 --fixupoverflow=error \
  -Mdist/default/production/Week_10_3.X.production.map \
  --md=C:\Users\ABDULL~1\AppData\Local\Temp\xcAs8a4.\driver_tmp_0.dat -E1 \
  -ver=XC8 Compiler --acfsm=1493 -ACODE=00h-07FFFh -ACONST=00h-07FFFh \
  -ASMALLCONST=0600h-06FFhx122 -AMEDIUMCONST=0600h-07FFFh -ACOMRAM=01h-05Fh \
  -AABS1=00h-05FFh -ABIGRAM=01h-05FFh -ARAM=060h-0FFh,0100h-01FFhx5 \
  -ABANK0=060h-0FFh -ABANK1=0100h-01FFh -ABANK2=0200h-02FFh \
  -ABANK3=0300h-03FFh -ABANK4=0400h-04FFh -ABANK5=0500h-05FFh \
  -ASFR=0F38h-0F5Fh,0F60h-0FFFh -ABIGSFR=0F38h-0FFFh \
  -ACONFIG=0300000h-030000Dh -AIDLOC=0200000h-0200007h \
  -AEEDATA=0F00000h-0F000FFh -peeprom_data=EEDATA \
  -preset_vec=00h,intcode,intcodelo,powerup,init -pramtop=0600h \
  -psmallconst=SMALLCONST -pmediumconst=MEDIUMCONST -pconst=CONST \
  -AFARRAM=00h-00h \
  -prdata=COMRAM,nvrram=COMRAM,nvbit=COMRAM,rbss=COMRAM,rbit=COMRAM \
  -pfarbss=FARRAM,fardata=FARRAM,nvFARRAM=FARRAM \
  -pintsave_regs=BIGRAM,bigbss=BIGRAM,bigdata=BIGRAM -pbss=RAM \
  -pidata=CODE,irdata=CODE,ibigdata=CODE,ifardata=CODE -prparam=COMRAM \
  C:\Users\ABDULL~1\AppData\Local\Temp\xcAs8a4.\driver_tmp_14.o \
  dist/default/production\Week_10_3.X.production.o 

Object code version is 3.11

Machine type is 18F45K22



                Name                               Link     Load   Length Selector   Space Scale
C:\Users\ABDULL~1\AppData\Local\Temp\xcAs8a4.\driver_tmp_14.o
                idloc                            200000   200000        8        0       5
                config                           300000   300000        E        0       4
                init                                  0        0        4        0       0
dist/default/production\Week_10_3.X.production.o
                idloc                            200000   200000        8        0       5
                config                           300000   300000        E        0       4
                smallconst                          600      600       20      300       0
                text18                             1016     1016       3A      310       0
                text17                             10A2     10A2        E      851       0
                text16                             1076     1076       1A      310       0
                text15                              DEC      DEC       6A      310       0
                text14                              E56      E56       60      310       0
                text13                              B44      B44       C4      310       0
                text12                              C08      C08       B0      310       0
                text11                              FD6      FD6       40      310       0
                text10                             10B0     10B0        2      851       0
                text9                               9B4      9B4       CA      310       0
                text8                               F50      F50       44      310       0
                text7                               CB8      CB8       AA      310       0
                text6                               620      620      1CC      310       0
                text5                              1050     1050       26      310       0
                text4                               A7E      A7E       C6      310       0
                text3                               7EC      7EC      1C8      310       0
                text2                               EB6      EB6       4E      310       0
                text1                               F04      F04       4C      310       0
                text0                               D62      D62       8A      310       0
                cstackCOMRAM                          1        1       55        1       1
                dataBANK0                            80       80       11       60       1
                bssBANK0                             60       60       20       60       1
                bssCOMRAM                            56       56        7        1       1
                cinit                               F94      F94       42      310       0
                idataBANK0                         1090     1090       11      310       0

TOTAL           Name                               Link     Load   Length     Space
        CLASS   CODE           
                init                                  0        0        4         0
                text18                             1016     1016       3A         0
                text17                             10A2     10A2        E         0
                text16                             1076     1076       1A         0
                text15                              DEC      DEC       6A         0
                text14                              E56      E56       60         0
                text13                              B44      B44       C4         0
                text12                              C08      C08       B0         0
                text11                              FD6      FD6       40         0
                text10                             10B0     10B0        2         0
                text9                               9B4      9B4       CA         0
                text8                               F50      F50       44         0
                text7                               CB8      CB8       AA         0
                text6                               620      620      1CC         0
                text5                              1050     1050       26         0
                text4                               A7E      A7E       C6         0
                text3                               7EC      7EC      1C8         0
                text2                               EB6      EB6       4E         0
                text1                               F04      F04       4C         0
                text0                               D62      D62       8A         0
                cinit                               F94      F94       42         0
                idataBANK0                         1090     1090       11         0

        CLASS   CONST          

        CLASS   SMALLCONST     
                smallconst                          600      600       20         0

        CLASS   MEDIUMCONST    

        CLASS   COMRAM         
                cstackCOMRAM                          1        1       55         1
                bssCOMRAM                            56       56        7         1

        CLASS   ABS1           

        CLASS   BIGRAM         

        CLASS   RAM            

        CLASS   BANK0          
                dataBANK0                            80       80       11         1
                bssBANK0                             60       60       20         1

        CLASS   BANK1          

        CLASS   BANK2          

        CLASS   BANK3          

        CLASS   BANK4          

        CLASS   BANK5          

        CLASS   SFR            

        CLASS   BIGSFR         

        CLASS   CONFIG         
                config                           300000   300000        E         4

        CLASS   IDLOC          
                idloc                            200000   200000        8         5

        CLASS   EEDATA         

        CLASS   FARRAM         

        CLASS   HEAP           

        CLASS   STACK          



SEGMENTS        Name                           Load    Length   Top    Selector   Space  Class

                reset_vec                      000000  000004  000004         0       0  CODE    
                cstackCOMRAM                   000001  00005C  00005D         1       1  COMRAM  
                bssBANK0                       000060  000031  000091        60       1  BANK0   
                smallconst                     000600  000020  000620       300       0  SMALLCON
                text6                          000620  000A81  0010A1       310       0  CODE    
                text17                         0010A2  000010  0010B2       851       0  CODE    


UNUSED ADDRESS RANGES

        Name                Unused          Largest block    Delta
        BANK0            000091-0000FF               6F
        BANK1            000100-0001FF              100
        BANK2            000200-0002FF              100
        BANK3            000300-0003FF              100
        BANK4            000400-0004FF              100
        BANK5            000500-0005FF              100
        BIGRAM           00005D-00005F                3
                         000091-0005FF              56F
        BIGSFR           000F38-000FFF               C8
        CODE             000004-0005FF              5FC
                         0010A1-0010A1                1
                         0010B2-007FFF             6F4E
        COMRAM           00005D-00005F                3
        CONST            000004-0005FF              5FC
                         0010A1-0010A1                1
                         0010B2-007FFF             6F4E
        EEDATA           F00000-F000FF              100
        MEDIUMCONST      0010A1-0010A1                1
                         0010B2-007FFF             6F4E
        RAM              000091-0005FF              100
        SFR              000F38-000FFF               28
        SMALLCONST       0010A1-0010A1                1
                         0010B2-007FFF              100

                                  Symbol Table

?___awdiv                   cstackCOMRAM 000001
?___awmod                   cstackCOMRAM 000001
?___wmul                    cstackCOMRAM 000001
?_abs                       cstackCOMRAM 000007
?_read_prec_or_width        cstackCOMRAM 000007
?_sprintf                   cstackCOMRAM 000041
?_vfprintf                  cstackCOMRAM 000039
_ANSELB                     (abs)        000F39
_PORTB                      (abs)        000F81
_PORTBbits                  (abs)        000F81
_TRISB                      (abs)        000F93
__HRAM                      (abs)        000000
__H__absolute__             __absolute__ 000000
__Habs1                     abs1         000000
__Hbank0                    bank0        000000
__Hbank1                    bank1        000000
__Hbank2                    bank2        000000
__Hbank3                    bank3        000000
__Hbank4                    bank4        000000
__Hbank5                    bank5        000000
__Hbigbss                   bigbss       000000
__Hbigdata                  bigdata      000000
__Hbigram                   bigram       000000
__Hbigsfr                   bigsfr       000000
__Hbss                      bss          000000
__HbssBANK0                 bssBANK0     000000
__HbssCOMRAM                bssCOMRAM    000000
__Hcinit                    cinit        000000
__Hclrtext                  clrtext      000000
__Hcomram                   comram       000000
__Hconfig                   config       30000E
__Hconst                    const        000000
__HcstackCOMRAM             cstackCOMRAM 000000
__Hdata                     data         000000
__HdataBANK0                dataBANK0    000000
__Heeprom_data              eeprom_data  000000
__Hfarbss                   farbss       000000
__Hfardata                  fardata      000000
__Hheap                     heap         000000
__Hibigdata                 ibigdata     000000
__Hidata                    idata        000000
__HidataBANK0               idataBANK0   000000
__Hidloc                    idloc        200008
__Hifardata                 ifardata     000000
__Hinit                     init         000004
__Hintcode                  intcode      000000
__Hintcode_body             intcode_body 000000
__Hintcodelo                intcodelo    000000
__Hintentry                 intentry     000000
__Hintret                   intret       000000
__Hintsave_regs             intsave_regs 000000
__Hirdata                   irdata       000000
__Hmediumconst              mediumconst  000000
__HnvFARRAM                 nvFARRAM     000000
__Hnvbit                    nvbit        000000
__Hnvrram                   nvrram       000000
__Hparam                    rparam       000000
__Hpowerup                  powerup      000000
__Hram                      ram          000000
__Hramtop                   ramtop       000600
__Hrbit                     rbit         000000
__Hrbss                     rbss         000000
__Hrdata                    rdata        000000
__Hreset_vec                reset_vec    000000
__Hrparam                   rparam       000000
__Hsfr                      sfr          000000
__Hsmallconst               smallconst   000620
__Hspace_0                  (abs)        0010B2
__Hspace_1                  (abs)        000091
__Hspace_2                  (abs)        000000
__Hspace_4                  (abs)        60000E
__Hstack                    stack        000000
__Hstruct                   struct       000000
__Htemp                     temp         000000
__Htext                     text         000000
__Htext0                    text0        000000
__Htext1                    text1        000000
__Htext10                   text10       000000
__Htext11                   text11       000000
__Htext12                   text12       000000
__Htext13                   text13       000000
__Htext14                   text14       000000
__Htext15                   text15       000000
__Htext16                   text16       000000
__Htext17                   text17       000000
__Htext18                   text18       000000
__Htext2                    text2        000000
__Htext3                    text3        000000
__Htext4                    text4        000000
__Htext5                    text5        000000
__Htext6                    text6        000000
__Htext7                    text7        000000
__Htext8                    text8        000000
__Htext9                    text9        000000
__LRAM                      (abs)        000001
__L__absolute__             __absolute__ 000000
__Labs1                     abs1         000000
__Lbank0                    bank0        000000
__Lbank1                    bank1        000000
__Lbank2                    bank2        000000
__Lbank3                    bank3        000000
__Lbank4                    bank4        000000
__Lbank5                    bank5        000000
__Lbigbss                   bigbss       000000
__Lbigdata                  bigdata      000000
__Lbigram                   bigram       000000
__Lbigsfr                   bigsfr       000000
__Lbss                      bss          000000
__LbssBANK0                 bssBANK0     000000
__LbssCOMRAM                bssCOMRAM    000000
__Lcinit                    cinit        000000
__Lclrtext                  clrtext      000000
__Lcomram                   comram       000000
__Lconfig                   config       000000
__Lconst                    const        000000
__LcstackCOMRAM             cstackCOMRAM 000000
__Ldata                     data         000000
__LdataBANK0                dataBANK0    000000
__Leeprom_data              eeprom_data  000000
__Lfarbss                   farbss       000000
__Lfardata                  fardata      000000
__Lheap                     heap         000000
__Libigdata                 ibigdata     000000
__Lidata                    idata        000000
__LidataBANK0               idataBANK0   000000
__Lidloc                    idloc        000000
__Lifardata                 ifardata     000000
__Linit                     init         000000
__Lintcode                  intcode      000000
__Lintcode_body             intcode_body 000000
__Lintcodelo                intcodelo    000000
__Lintentry                 intentry     000000
__Lintret                   intret       000000
__Lintsave_regs             intsave_regs 000000
__Lirdata                   irdata       000000
__Lmediumconst              mediumconst  000000
__LnvFARRAM                 nvFARRAM     000000
__Lnvbit                    nvbit        000000
__Lnvrram                   nvrram       000000
__Lparam                    rparam       000000
__Lpowerup                  powerup      000000
__Lram                      ram          000000
__Lramtop                   ramtop       000600
__Lrbit                     rbit         000000
__Lrbss                     rbss         000000
__Lrdata                    rdata        000000
__Lreset_vec                reset_vec    000000
__Lrparam                   rparam       000000
__Lsfr                      sfr          000000
__Lsmallconst               smallconst   000600
__Lspace_0                  (abs)        000000
__Lspace_1                  (abs)        000000
__Lspace_2                  (abs)        000000
__Lspace_4                  (abs)        000000
__Lstack                    stack        000000
__Lstruct                   struct       000000
__Ltemp                     temp         000000
__Ltext                     text         000000
__Ltext0                    text0        000000
__Ltext1                    text1        000000
__Ltext10                   text10       000000
__Ltext11                   text11       000000
__Ltext12                   text12       000000
__Ltext13                   text13       000000
__Ltext14                   text14       000000
__Ltext15                   text15       000000
__Ltext16                   text16       000000
__Ltext17                   text17       000000
__Ltext18                   text18       000000
__Ltext2                    text2        000000
__Ltext3                    text3        000000
__Ltext4                    text4        000000
__Ltext5                    text5        000000
__Ltext6                    text6        000000
__Ltext7                    text7        000000
__Ltext8                    text8        000000
__Ltext9                    text9        000000
__S0                        (abs)        0010B2
__S1                        (abs)        000091
__S4                        (abs)        000000
__S5                        (abs)        000000
___awdiv                    text13       000B44
___awdiv@counter            cstackCOMRAM 000005
___awdiv@dividend           cstackCOMRAM 000001
___awdiv@divisor            cstackCOMRAM 000003
___awdiv@quotient           cstackCOMRAM 000007
___awdiv@sign               cstackCOMRAM 000006
___awmod                    text12       000C08
___awmod@counter            cstackCOMRAM 000005
___awmod@dividend           cstackCOMRAM 000001
___awmod@divisor            cstackCOMRAM 000003
___awmod@sign               cstackCOMRAM 000006
___heap_hi                  (abs)        000000
___heap_lo                  (abs)        000000
___inthi_sp                 stack        000000
___intlo_sp                 stack        000000
___param_bank               (abs)        000000
___rparam_used              (abs)        000001
___sp                       stack        000000
___wmul                     text5        001050
___wmul@multiplicand        cstackCOMRAM 000003
___wmul@multiplier          cstackCOMRAM 000001
___wmul@product             cstackCOMRAM 000005
__accesstop                 (abs)        000060
__activetblptr              (abs)        000002
__end_of___awdiv            text13       000C08
__end_of___awmod            text12       000CB8
__end_of___wmul             text5        001076
__end_of__initialization    cinit        000FCC
__end_of_abs                text11       001016
__end_of_dtoa               text6        0007EC
__end_of_fputc              text9        000A7E
__end_of_fputs              text8        000F94
__end_of_lcd_clear          text16       001090
__end_of_lcd_goto           text17       0010B0
__end_of_lcd_init           text15       000E56
__end_of_lcd_puts           text14       000EB6
__end_of_lcd_write          text18       001050
__end_of_main               text0        000DEC
__end_of_pad                text7        000D62
__end_of_putch              text10       0010B2
__end_of_read_prec_or_width text4        000B44
__end_of_sprintf            text1        000F50
__end_of_vfpfcnvrt          text3        0009B4
__end_of_vfprintf           text2        000F04
__initialization            cinit        000F94
__mediumconst               mediumconst  000000
__pbssBANK0                 bssBANK0     000060
__pbssCOMRAM                bssCOMRAM    000056
__pcinit                    cinit        000F94
__pcstackCOMRAM             cstackCOMRAM 000001
__pdataBANK0                dataBANK0    000080
__pidataBANK0               idataBANK0   001090
__psmallconst               smallconst   000600
__ptext0                    text0        000D62
__ptext1                    text1        000F04
__ptext10                   text10       0010B0
__ptext11                   text11       000FD6
__ptext12                   text12       000C08
__ptext13                   text13       000B44
__ptext14                   text14       000E56
__ptext15                   text15       000DEC
__ptext16                   text16       001076
__ptext17                   text17       0010A2
__ptext18                   text18       001016
__ptext2                    text2        000EB6
__ptext3                    text3        0007EC
__ptext4                    text4        000A7E
__ptext5                    text5        001050
__ptext6                    text6        000620
__ptext7                    text7        000CB8
__ptext8                    text8        000F50
__ptext9                    text9        0009B4
__ramtop                    ramtop       000600
__smallconst                smallconst   000600
_abs                        text11       000FD6
_cnt                        bssCOMRAM    00005A
_dbuf                       bssBANK0     000060
_dtoa                       text6        000620
_dtoa$726                   cstackCOMRAM 000020
_flags                      bssCOMRAM    00005C
_fputc                      text9        0009B4
_fputs                      text8        000F50
_lcd_clear                  text16       001076
_lcd_goto                   text17       0010A2
_lcd_init                   text15       000DEC
_lcd_puts                   text14       000E56
_lcd_write                  text18       001016
_line                       dataBANK0    000080
_main                       text0        000D62
_pad                        text7        000CB8
_prec                       bssCOMRAM    000058
_putch                      text10       0010B0
_read_prec_or_width         text4        000A7E
_sprintf                    text1        000F04
_vfpfcnvrt                  text3        0007EC
_vfprintf                   text2        000EB6
_width                      bssCOMRAM    000056
abs@a                       cstackCOMRAM 000007
dtoa@d                      cstackCOMRAM 00001E
dtoa@fp                     cstackCOMRAM 00001C
dtoa@i                      cstackCOMRAM 000026
dtoa@p                      cstackCOMRAM 000022
dtoa@s                      cstackCOMRAM 000028
dtoa@w                      cstackCOMRAM 000024
end_of_initialization       cinit        000FCC
fputc@c                     cstackCOMRAM 000001
fputc@fp                    cstackCOMRAM 000003
fputs@c                     cstackCOMRAM 00000E
fputs@fp                    cstackCOMRAM 00000C
fputs@i                     cstackCOMRAM 00000F
fputs@s                     cstackCOMRAM 00000A
intlevel0                   text         000000
intlevel1                   text         000000
intlevel2                   text         000000
intlevel3                   text         000000
isa$std                     (abs)        000001
isa$xinst                   (abs)        000000
lcd_goto@pos                cstackCOMRAM 000003
lcd_puts@s                  cstackCOMRAM 000003
lcd_write@c                 cstackCOMRAM 000002
pad@buf                     cstackCOMRAM 000013
pad@fp                      cstackCOMRAM 000011
pad@i                       cstackCOMRAM 000018
pad@p                       cstackCOMRAM 000015
pad@w                       cstackCOMRAM 00001A
read_prec_or_width@ap       cstackCOMRAM 000009
read_prec_or_width@c        cstackCOMRAM 00000D
read_prec_or_width@fmt      cstackCOMRAM 000007
read_prec_or_width@n        cstackCOMRAM 00000E
sprintf@ap                  cstackCOMRAM 000047
sprintf@f                   cstackCOMRAM 000049
sprintf@fmt                 cstackCOMRAM 000043
sprintf@s                   cstackCOMRAM 000041
stackhi                     (abs)        000000
stacklo                     (abs)        000000
start                       init         000000
start_initialization        cinit        000F94
vfpfcnvrt@ap                cstackCOMRAM 00002D
vfpfcnvrt@convarg           cstackCOMRAM 000031
vfpfcnvrt@cp                cstackCOMRAM 000037
vfpfcnvrt@done              cstackCOMRAM 000035
vfpfcnvrt@fmt               cstackCOMRAM 00002B
vfpfcnvrt@fp                cstackCOMRAM 000029
vfprintf@ap                 cstackCOMRAM 00003D
vfprintf@cfmt               cstackCOMRAM 00003F
vfprintf@fmt                cstackCOMRAM 00003B
vfprintf@fp                 cstackCOMRAM 000039


MODULE INFORMATION

Module		Function		Class		Link	Load	Size
C:\Program Files\Microchip\xc8\v2.41\pic\sources\c99\common\awmod.c
		___awmod       		CODE           	0C08	0000	176

C:\Program Files\Microchip\xc8\v2.41\pic\sources\c99\common\awmod.c estimated size: 176

C:\Program Files\Microchip\xc8\v2.41\pic\sources\c99\common\nf_fputc.c
		_fputc         		CODE           	09B4	0000	202

C:\Program Files\Microchip\xc8\v2.41\pic\sources\c99\common\nf_fputc.c estimated size: 202

C:\Program Files\Microchip\xc8\v2.41\pic\sources\c99\common\nf_sprintf.c
		_sprintf       		CODE           	0F04	0000	76

C:\Program Files\Microchip\xc8\v2.41\pic\sources\c99\common\nf_sprintf.c estimated size: 76

C:\Program Files\Microchip\xc8\v2.41\pic\sources\c99\common\awdiv.c
		___awdiv       		CODE           	0B44	0000	196

C:\Program Files\Microchip\xc8\v2.41\pic\sources\c99\common\awdiv.c estimated size: 196

newmain.c
		_main          		CODE           	0D62	0000	138

newmain.c estimated size: 138

C:\Program Files\Microchip\xc8\v2.41\pic\sources\c99\common\abs.c
		_abs           		CODE           	0FD6	0000	64

C:\Program Files\Microchip\xc8\v2.41\pic\sources\c99\common\abs.c estimated size: 64

C:\Program Files\Microchip\xc8\v2.41\pic\sources\c99\common\doprnt.c
		_read_prec_or_width		CODE           	0A7E	0000	198
		_vfpfcnvrt     		CODE           	07EC	0000	456
		_pad           		CODE           	0CB8	0000	170
		_dtoa          		CODE           	0620	0000	460
		_vfprintf      		CODE           	0EB6	0000	78

C:\Program Files\Microchip\xc8\v2.41\pic\sources\c99\common\doprnt.c estimated size: 1362

shared
		__initialization		CODE           	0F94	0000	56

shared estimated size: 56

C:\Program Files\Microchip\xc8\v2.41\pic\sources\c99\common\Umul16.c
		___wmul        		CODE           	1050	0000	38

C:\Program Files\Microchip\xc8\v2.41\pic\sources\c99\common\Umul16.c estimated size: 38

C:\Program Files\Microchip\xc8\v2.41\pic\sources\c99\common\putch.c
		_putch         		CODE           	10B0	0000	2

C:\Program Files\Microchip\xc8\v2.41\pic\sources\c99\common\putch.c estimated size: 2

C:\Program Files\Microchip\xc8\v2.41\pic\sources\c99\common\nf_fputs.c
		_fputs         		CODE           	0F50	0000	68

C:\Program Files\Microchip\xc8\v2.41\pic\sources\c99\common\nf_fputs.c estimated size: 68

LCD.c
		_lcd_puts      		CODE           	0E56	0000	96
		_lcd_clear     		CODE           	1076	0000	26
		_lcd_goto      		CODE           	10A2	0000	14
		_lcd_write     		CODE           	1016	0000	58
		_lcd_init      		CODE           	0DEC	0000	106

LCD.c estimated size: 300

