Microchip MPLAB XC8 Compiler V2.41

Linker command line:

-W-3 \
  --edf=C:\Program Files\Microchip\xc8\v2.41\pic\dat\20230208172133_en.msgs \
  -cn -h+dist/default/production\MIDTERM_2021.X.production.sym \
  --cmf=dist/default/production\MIDTERM_2021.X.production.cmf -z -Q18F45K22 \
  -oC:\Users\ABDULL~1\AppData\Local\Temp\xcAs804.\driver_tmp_3.o \
  --defsym=__MPLAB_BUILD=1 --fixupoverflow=error \
  -Mdist/default/production/MIDTERM_2021.X.production.map \
  --md=C:\Users\ABDULL~1\AppData\Local\Temp\xcAs804.\driver_tmp_0.dat -E1 \
  -ver=XC8 Compiler --acfsm=1493 -ACODE=00h-07FFFh -ACONST=00h-07FFFh \
  -ASMALLCONST=0600h-06FFhx122 -AMEDIUMCONST=0600h-07FFFh -ACOMRAM=01h-05Fh \
  -AABS1=00h-05FFh -ABIGRAM=01h-05FFh -ARAM=060h-0FFh,0100h-01FFhx5 \
  -ABANK0=060h-0FFh -ABANK1=0100h-01FFh -ABANK2=0200h-02FFh \
  -ABANK3=0300h-03FFh -ABANK4=0400h-04FFh -ABANK5=0500h-05FFh \
  -ASFR=0F38h-0F5Fh,0F60h-0FFFh -ABIGSFR=0F38h-0FFFh \
  -ACONFIG=0300000h-030000Dh -AIDLOC=0200000h-0200007h \
  -AEEDATA=0F00000h-0F000FFh -peeprom_data=EEDATA \
  -preset_vec=00h,intcode=08h,intcodelo,powerup,init -pramtop=0600h \
  -psmallconst=SMALLCONST -pmediumconst=MEDIUMCONST -pconst=CONST \
  -AFARRAM=00h-00h \
  -prdata=COMRAM,nvrram=COMRAM,nvbit=COMRAM,rbss=COMRAM,rbit=COMRAM \
  -pfarbss=FARRAM,fardata=FARRAM,nvFARRAM=FARRAM \
  -pintsave_regs=BIGRAM,bigbss=BIGRAM,bigdata=BIGRAM -pbss=RAM \
  -pidata=CODE,irdata=CODE,ibigdata=CODE,ifardata=CODE -prparam=COMRAM \
  C:\Users\ABDULL~1\AppData\Local\Temp\xcAs804.\driver_tmp_9.o \
  dist/default/production\MIDTERM_2021.X.production.o 

Object code version is 3.11

Machine type is 18F45K22



                Name                               Link     Load   Length Selector   Space Scale
C:\Users\ABDULL~1\AppData\Local\Temp\xcAs804.\driver_tmp_9.o
                idloc                            200000   200000        8        0       5
                config                           300000   300000        E        0       4
                init                                14E      14E        4        4       0
                reset_vec                             0        0        4        0       0
dist/default/production\MIDTERM_2021.X.production.o
                intcode                               8        8      146        4       0
                idloc                            200000   200000        8        0       5
                config                           300000   300000        E        0       4
                temp                                 4E       4E        1        1       1
                text4                               450      450       A4        4       0
                text3                               4F4      4F4       88        4       0
                text2                               57C      57C       6A        4       0
                text1                               61E      61E       26        4       0
                text0                               152      152      2FE        4       0
                cstackCOMRAM                          1        1       2D        1       1
                dataCOMRAM                           41       41        B        1       1
                bssCOMRAM                            2E       2E       13        1       1
                bitbssCOMRAM                        268       4D        1        1       1     8
                cinit                               5E6      5E6       38        4       0
                bitnvCOMRAM                         260       4C        1        1       1     8
                idataCOMRAM                         644      644        B        4       0

TOTAL           Name                               Link     Load   Length     Space
        CLASS   CODE           
                intcode                               8        8      146         0
                init                                14E      14E        4         0
                reset_vec                             0        0        4         0
                text4                               450      450       A4         0
                text3                               4F4      4F4       88         0
                text2                               57C      57C       6A         0
                text1                               61E      61E       26         0
                text0                               152      152      2FE         0
                cinit                               5E6      5E6       38         0
                idataCOMRAM                         644      644        B         0

        CLASS   CONST          

        CLASS   SMALLCONST     

        CLASS   MEDIUMCONST    

        CLASS   COMRAM         
                temp                                 4E       4E        1         1
                cstackCOMRAM                          1        1       2D         1
                dataCOMRAM                           41       41        B         1
                bssCOMRAM                            2E       2E       13         1
                bitbssCOMRAM                        268       4D        1         1
                bitnvCOMRAM                         260       4C        1         1

        CLASS   ABS1           

        CLASS   BIGRAM         

        CLASS   RAM            

        CLASS   BANK0          

        CLASS   BANK1          

        CLASS   BANK2          

        CLASS   BANK3          

        CLASS   BANK4          

        CLASS   BANK5          

        CLASS   SFR            

        CLASS   BIGSFR         

        CLASS   CONFIG         
                config                           300000   300000        E         4

        CLASS   IDLOC          
                idloc                            200000   200000        8         5

        CLASS   EEDATA         

        CLASS   FARRAM         

        CLASS   HEAP           

        CLASS   STACK          



SEGMENTS        Name                           Load    Length   Top    Selector   Space  Class

                reset_vec                      000000  000004  000004         0       0  CODE    
                cstackCOMRAM                   000001  00004E  00004F         1       1  COMRAM  
                intcode                        000008  000647  00064F         4       0  CODE    


UNUSED ADDRESS RANGES

        Name                Unused          Largest block    Delta
        BANK0            000060-0000FF               A0
        BANK1            000100-0001FF              100
        BANK2            000200-0002FF              100
        BANK3            000300-0003FF              100
        BANK4            000400-0004FF              100
        BANK5            000500-0005FF              100
        BIGRAM           00004F-0005FF              5B1
        BIGSFR           000F38-000FFF               C8
        CODE             000004-000007                4
                         00064F-007FFF             79B1
        COMRAM           00004F-00005F               11
        CONST            000004-000007                4
                         00064F-007FFF             79B1
        EEDATA           F00000-F000FF              100
        MEDIUMCONST      00064F-007FFF             79B1
        RAM              000060-0005FF              100
        SFR              000F38-000FFF               28
        SMALLCONST       00064F-007FFF              100

                                  Symbol Table

?___lldiv                cstackCOMRAM 000015
?___llmod                cstackCOMRAM 000009
?___lmul                 cstackCOMRAM 000009
?___wmul                 cstackCOMRAM 000009
_ADCON0                  (abs)        000FC2
_ADCON0bits              (abs)        000FC2
_ADCON1                  (abs)        000FC1
_ADCON2                  (abs)        000FC0
_ADRESH                  (abs)        000FC4
_ADRESL                  (abs)        000FC3
_ANSELA                  (abs)        000F38
_ANSELB                  (abs)        000F39
_ANSELC                  (abs)        000F3A
_ANSELD                  (abs)        000F3B
_ANSELE                  (abs)        000F3C
_Analog0                 bssCOMRAM    00003C
_Analog1                 bssCOMRAM    000038
_GIE                     (abs)        007F97
_LED1                    bitnvCOMRAM  000260
_LED2                    bitbssCOMRAM 000268
_PORTC                   (abs)        000F82
_PORTD                   (abs)        000F83
_PORTDbits               (abs)        000F83
_T0CON                   (abs)        000FD5
_TMR0IE                  (abs)        007F95
_TMR0IF                  (abs)        007F92
_TMR0IP                  (abs)        007F8A
_TRISA                   (abs)        000F92
_TRISB                   (abs)        000F93
_TRISC                   (abs)        000F94
_TRISD                   (abs)        000F95
_TRISE                   (abs)        000F96
_Temp                    bssCOMRAM    00002E
__HRAM                   (abs)        000000
__H__absolute__          __absolute__ 000000
__Habs1                  abs1         000000
__Hbank0                 bank0        000000
__Hbank1                 bank1        000000
__Hbank2                 bank2        000000
__Hbank3                 bank3        000000
__Hbank4                 bank4        000000
__Hbank5                 bank5        000000
__Hbigbss                bigbss       000000
__Hbigdata               bigdata      000000
__Hbigram                bigram       000000
__Hbigsfr                bigsfr       000000
__HbitbssCOMRAM          bitbssCOMRAM 000000
__HbitnvCOMRAM           bitnvCOMRAM  000000
__Hbss                   bss          000000
__HbssCOMRAM             bssCOMRAM    000000
__Hcinit                 cinit        000000
__Hclrtext               clrtext      000000
__Hcomram                comram       000000
__Hconfig                config       30000E
__Hconst                 const        000000
__HcstackCOMRAM          cstackCOMRAM 000000
__Hdata                  data         000000
__HdataCOMRAM            dataCOMRAM   000000
__Heeprom_data           eeprom_data  000000
__Hfarbss                farbss       000000
__Hfardata               fardata      000000
__Hheap                  heap         000000
__Hibigdata              ibigdata     000000
__Hidata                 idata        000000
__HidataCOMRAM           idataCOMRAM  000000
__Hidloc                 idloc        200008
__Hifardata              ifardata     000000
__Hinit                  init         000152
__Hintcode               intcode      00014E
__Hintcode_body          intcode_body 000000
__Hintcodelo             intcodelo    00014E
__Hintentry              intentry     000000
__Hintret                intret       000000
__Hintsave_regs          intsave_regs 000000
__Hirdata                irdata       000000
__Hmediumconst           mediumconst  000000
__HnvFARRAM              nvFARRAM     000000
__Hnvbit                 nvbit        000000
__Hnvrram                nvrram       000000
__Hparam                 rparam       000000
__Hpowerup               powerup      00014E
__Hram                   ram          000000
__Hramtop                ramtop       000600
__Hrbit                  rbit         000000
__Hrbss                  rbss         000000
__Hrdata                 rdata        000000
__Hreset_vec             reset_vec    000004
__Hrparam                rparam       000000
__Hsfr                   sfr          000000
__Hsmallconst            smallconst   000000
__Hspace_0               (abs)        00064F
__Hspace_1               (abs)        000269
__Hspace_2               (abs)        000000
__Hspace_4               (abs)        60000E
__Hstack                 stack        000000
__Hstruct                struct       000000
__Htemp                  temp         00004F
__Htext                  text         000000
__Htext0                 text0        000000
__Htext1                 text1        000000
__Htext2                 text2        000000
__Htext3                 text3        000000
__Htext4                 text4        000000
__LRAM                   (abs)        000001
__L__absolute__          __absolute__ 000000
__Labs1                  abs1         000000
__Lbank0                 bank0        000000
__Lbank1                 bank1        000000
__Lbank2                 bank2        000000
__Lbank3                 bank3        000000
__Lbank4                 bank4        000000
__Lbank5                 bank5        000000
__Lbigbss                bigbss       000000
__Lbigdata               bigdata      000000
__Lbigram                bigram       000000
__Lbigsfr                bigsfr       000000
__LbitbssCOMRAM          bitbssCOMRAM 000000
__LbitnvCOMRAM           bitnvCOMRAM  000000
__Lbss                   bss          000000
__LbssCOMRAM             bssCOMRAM    000000
__Lcinit                 cinit        000000
__Lclrtext               clrtext      000000
__Lcomram                comram       000000
__Lconfig                config       000000
__Lconst                 const        000000
__LcstackCOMRAM          cstackCOMRAM 000000
__Ldata                  data         000000
__LdataCOMRAM            dataCOMRAM   000000
__Leeprom_data           eeprom_data  000000
__Lfarbss                farbss       000000
__Lfardata               fardata      000000
__Lheap                  heap         000000
__Libigdata              ibigdata     000000
__Lidata                 idata        000000
__LidataCOMRAM           idataCOMRAM  000000
__Lidloc                 idloc        000000
__Lifardata              ifardata     000000
__Linit                  init         00014E
__Lintcode               intcode      000008
__Lintcode_body          intcode_body 000000
__Lintcodelo             intcodelo    00014E
__Lintentry              intentry     000000
__Lintret                intret       000000
__Lintsave_regs          intsave_regs 000000
__Lirdata                irdata       000000
__Lmediumconst           mediumconst  000000
__LnvFARRAM              nvFARRAM     000000
__Lnvbit                 nvbit        000000
__Lnvrram                nvrram       000000
__Lparam                 rparam       000000
__Lpowerup               powerup      00014E
__Lram                   ram          000000
__Lramtop                ramtop       000600
__Lrbit                  rbit         000000
__Lrbss                  rbss         000000
__Lrdata                 rdata        000000
__Lreset_vec             reset_vec    000000
__Lrparam                rparam       000000
__Lsfr                   sfr          000000
__Lsmallconst            smallconst   000000
__Lspace_0               (abs)        000000
__Lspace_1               (abs)        000000
__Lspace_2               (abs)        000000
__Lspace_4               (abs)        000000
__Lstack                 stack        000000
__Lstruct                struct       000000
__Ltemp                  temp         00004E
__Ltext                  text         000000
__Ltext0                 text0        000000
__Ltext1                 text1        000000
__Ltext2                 text2        000000
__Ltext3                 text3        000000
__Ltext4                 text4        000000
__S0                     (abs)        00064F
__S1                     (abs)        00004F
__S4                     (abs)        000000
__S5                     (abs)        000000
___heap_hi               (abs)        000000
___heap_lo               (abs)        000000
___inthi_sp              stack        000000
___intlo_sp              stack        000000
___lldiv                 text4        000450
___lldiv@counter         cstackCOMRAM 000021
___lldiv@dividend        cstackCOMRAM 000015
___lldiv@divisor         cstackCOMRAM 000019
___lldiv@quotient        cstackCOMRAM 00001D
___llmod                 text3        0004F4
___llmod@counter         cstackCOMRAM 000011
___llmod@dividend        cstackCOMRAM 000009
___llmod@divisor         cstackCOMRAM 00000D
___lmul                  text2        00057C
___lmul@multiplicand     cstackCOMRAM 00000D
___lmul@multiplier       cstackCOMRAM 000009
___lmul@product          cstackCOMRAM 000011
___param_bank            (abs)        000000
___rparam_used           (abs)        000001
___sp                    stack        000000
___wmul                  text1        00061E
___wmul@multiplicand     cstackCOMRAM 00000B
___wmul@multiplier       cstackCOMRAM 000009
___wmul@product          cstackCOMRAM 00000D
__accesstop              (abs)        000060
__activetblptr           (abs)        000000
__end_of___lldiv         text4        0004F4
__end_of___llmod         text3        00057C
__end_of___lmul          text2        0005E6
__end_of___wmul          text1        000644
__end_of__initialization cinit        000614
__end_of_isr             intcode      00014E
__end_of_main            text0        000450
__initialization         cinit        0005E6
__mediumconst            mediumconst  000000
__pbitbssCOMRAM          bitbssCOMRAM 000268
__pbitnvCOMRAM           bitnvCOMRAM  000260
__pbssCOMRAM             bssCOMRAM    00002E
__pcinit                 cinit        0005E6
__pcstackCOMRAM          cstackCOMRAM 000001
__pdataCOMRAM            dataCOMRAM   000041
__pidataCOMRAM           idataCOMRAM  000644
__pintcode               intcode      000008
__ptext0                 text0        000152
__ptext1                 text1        00061E
__ptext2                 text2        00057C
__ptext3                 text3        0004F4
__ptext4                 text4        000450
__ramtop                 ramtop       000600
__smallconst             smallconst   000000
_dig_cnt                 bssCOMRAM    000040
_digits                  bssCOMRAM    000032
_disp_cnt                bssCOMRAM    000036
_isr                     intcode      000008
_main                    text0        000152
_seg_char                dataCOMRAM   000041
btemp                    temp         00004E
end_of_initialization    cinit        000614
int$flags                temp         00004E
intlevel0                text         000000
intlevel1                text         000000
intlevel2                text         000000
intlevel3                text         000000
isa$std                  (abs)        000001
isa$xinst                (abs)        000000
stackhi                  (abs)        000000
stacklo                  (abs)        000000
start                    init         00014E
start_initialization     cinit        0005E6
ttemp5                   temp         00004F
ttemp6                   temp         000052
ttemp7                   temp         000056
wtemp8                   temp         00004F


MODULE INFORMATION

Module		Function		Class		Link	Load	Size
C:\Program Files\Microchip\xc8\v2.41\pic\sources\c99\common\llmod.c
		___llmod       		CODE           	04F4	0000	136

C:\Program Files\Microchip\xc8\v2.41\pic\sources\c99\common\llmod.c estimated size: 136

C:\Program Files\Microchip\xc8\v2.41\pic\sources\c99\common\Umul32.c
		___lmul        		CODE           	057C	0000	106

C:\Program Files\Microchip\xc8\v2.41\pic\sources\c99\common\Umul32.c estimated size: 106

C:\Program Files\Microchip\xc8\v2.41\pic\sources\c99\common\__lldiv.c
		___lldiv       		CODE           	0450	0000	164

C:\Program Files\Microchip\xc8\v2.41\pic\sources\c99\common\__lldiv.c estimated size: 164

newmain.c
		_main          		CODE           	0152	0000	766
		_isr           		CODE           	0008	0000	326

newmain.c estimated size: 1092

shared
		__initialization		CODE           	05E6	0000	46

shared estimated size: 46

C:\Program Files\Microchip\xc8\v2.41\pic\sources\c99\common\Umul16.c
		___wmul        		CODE           	061E	0000	38

C:\Program Files\Microchip\xc8\v2.41\pic\sources\c99\common\Umul16.c estimated size: 38

