Microchip MPLAB XC8 Compiler V2.41

Linker command line:

-W-3 \
  --edf=C:\Program Files\Microchip\xc8\v2.41\pic\dat\20230208172133_en.msgs \
  -cn -h+dist/default/production\Week_11_1.X.production.sym \
  --cmf=dist/default/production\Week_11_1.X.production.cmf -z -Q18F45K22 \
  -oC:\Users\ABDULL~1\AppData\Local\Temp\xcAs9mg.\driver_tmp_3.o \
  --defsym=__MPLAB_BUILD=1 --fixupoverflow=error \
  -Mdist/default/production/Week_11_1.X.production.map \
  --md=C:\Users\ABDULL~1\AppData\Local\Temp\xcAs9mg.\driver_tmp_0.dat -E1 \
  -ver=XC8 Compiler --acfsm=1493 -ACODE=00h-07FFFh -ACONST=00h-07FFFh \
  -ASMALLCONST=0600h-06FFhx122 -AMEDIUMCONST=0600h-07FFFh -ACOMRAM=01h-05Fh \
  -AABS1=00h-05FFh -ABIGRAM=01h-05FFh -ARAM=060h-0FFh,0100h-01FFhx5 \
  -ABANK0=060h-0FFh -ABANK1=0100h-01FFh -ABANK2=0200h-02FFh \
  -ABANK3=0300h-03FFh -ABANK4=0400h-04FFh -ABANK5=0500h-05FFh \
  -ASFR=0F38h-0F5Fh,0F60h-0FFFh -ABIGSFR=0F38h-0FFFh \
  -ACONFIG=0300000h-030000Dh -AIDLOC=0200000h-0200007h \
  -AEEDATA=0F00000h-0F000FFh -peeprom_data=EEDATA \
  -preset_vec=00h,intcode,intcodelo,powerup,init -pramtop=0600h \
  -psmallconst=SMALLCONST -pmediumconst=MEDIUMCONST -pconst=CONST \
  -AFARRAM=00h-00h \
  -prdata=COMRAM,nvrram=COMRAM,nvbit=COMRAM,rbss=COMRAM,rbit=COMRAM \
  -pfarbss=FARRAM,fardata=FARRAM,nvFARRAM=FARRAM \
  -pintsave_regs=BIGRAM,bigbss=BIGRAM,bigdata=BIGRAM -pbss=RAM \
  -pidata=CODE,irdata=CODE,ibigdata=CODE,ifardata=CODE -prparam=COMRAM \
  C:\Users\ABDULL~1\AppData\Local\Temp\xcAs9mg.\driver_tmp_14.o \
  dist/default/production\Week_11_1.X.production.o 

Object code version is 3.11

Machine type is 18F45K22



                Name                               Link     Load   Length Selector   Space Scale
C:\Users\ABDULL~1\AppData\Local\Temp\xcAs9mg.\driver_tmp_14.o
                idloc                            200000   200000        8        0       5
                config                           300000   300000        E        0       4
                init                                  0        0        4        0       0
dist/default/production\Week_11_1.X.production.o
                idloc                            200000   200000        8        0       5
                config                           300000   300000        E        0       4
                smallconst                          600      600       BE      300       0
                text30                             2528     2528      1B4      35F       0
                text29                             3088     3088       2E      35F       0
                text28                             2FDC     2FDC       3E      35F       0
                text27                             3126     3126       12     1870       0
                text26                             3106     3106       20     1870       0
                text25                             2CC8     2CC8       A6      35F       0
                text24                             3052     3052       36      35F       0
                text23                             19A2     19A2      39A      35F       0
                text22                             2C1E     2C1E       AA      35F       0
                text21                             27E2     27E2      104      35F       0
                text20                             1578     1578      42A      35F       0
                text19                             301A     301A       38      35F       0
                text18                             10B8     10B8      4C0      35F       0
                text17                             2F12     2F12       46      35F       0
                text16                             26DC     26DC      106      35F       0
                text15                             28E6     28E6       FE      35F       0
                text14                             2316     2316      212      35F       0
                text13                             2D6E     2D6E       66      35F       0
                text12                             2E76     2E76       50      35F       0
                text11                             3138     3138        2     1870       0
                text10                             29E4     29E4       CA      35F       0
                text9                              2F58     2F58       44      35F       0
                text8                              2B74     2B74       AA      35F       0
                text7                              2F9C     2F9C       40      35F       0
                text6                               6BE      6BE      9FA      35F       0
                text5                              30E0     30E0       26     1870       0
                text4                              2AAE     2AAE       C6      35F       0
                text3                              207E     207E      298      35F       0
                text2                              2DD4     2DD4       52      35F       0
                text1                              2E26     2E26       50      35F       0
                text0                              1D3C     1D3C      342      35F       0
                cstackCOMRAM                          1        1       57        1       1
                cstackBANK0                          60       60       50       60       1
                bssBANK1                            100      100       C8      100       1
                dataBANK0                            B0       B0       29       60       1
                bssBANK0                             D9       D9        9       60       1
                bssCOMRAM                            58       58        5        1       1
                cinit                              2EC6     2EC6       4C      35F       0
                idataBANK0                         30B6     30B6       29      35F       0

TOTAL           Name                               Link     Load   Length     Space
        CLASS   CODE           
                init                                  0        0        4         0
                text30                             2528     2528      1B4         0
                text29                             3088     3088       2E         0
                text28                             2FDC     2FDC       3E         0
                text27                             3126     3126       12         0
                text26                             3106     3106       20         0
                text25                             2CC8     2CC8       A6         0
                text24                             3052     3052       36         0
                text23                             19A2     19A2      39A         0
                text22                             2C1E     2C1E       AA         0
                text21                             27E2     27E2      104         0
                text20                             1578     1578      42A         0
                text19                             301A     301A       38         0
                text18                             10B8     10B8      4C0         0
                text17                             2F12     2F12       46         0
                text16                             26DC     26DC      106         0
                text15                             28E6     28E6       FE         0
                text14                             2316     2316      212         0
                text13                             2D6E     2D6E       66         0
                text12                             2E76     2E76       50         0
                text11                             3138     3138        2         0
                text10                             29E4     29E4       CA         0
                text9                              2F58     2F58       44         0
                text8                              2B74     2B74       AA         0
                text7                              2F9C     2F9C       40         0
                text6                               6BE      6BE      9FA         0
                text5                              30E0     30E0       26         0
                text4                              2AAE     2AAE       C6         0
                text3                              207E     207E      298         0
                text2                              2DD4     2DD4       52         0
                text1                              2E26     2E26       50         0
                text0                              1D3C     1D3C      342         0
                cinit                              2EC6     2EC6       4C         0
                idataBANK0                         30B6     30B6       29         0

        CLASS   CONST          

        CLASS   SMALLCONST     
                smallconst                          600      600       BE         0

        CLASS   MEDIUMCONST    

        CLASS   COMRAM         
                cstackCOMRAM                          1        1       57         1
                bssCOMRAM                            58       58        5         1

        CLASS   ABS1           

        CLASS   BIGRAM         

        CLASS   RAM            

        CLASS   BANK0          
                cstackBANK0                          60       60       50         1
                dataBANK0                            B0       B0       29         1
                bssBANK0                             D9       D9        9         1

        CLASS   BANK1          
                bssBANK1                            100      100       C8         1

        CLASS   BANK2          

        CLASS   BANK3          

        CLASS   BANK4          

        CLASS   BANK5          

        CLASS   SFR            

        CLASS   BIGSFR         

        CLASS   CONFIG         
                config                           300000   300000        E         4

        CLASS   IDLOC          
                idloc                            200000   200000        8         5

        CLASS   EEDATA         

        CLASS   FARRAM         

        CLASS   HEAP           

        CLASS   STACK          



SEGMENTS        Name                           Load    Length   Top    Selector   Space  Class

                reset_vec                      000000  000004  000004         0       0  CODE    
                cstackCOMRAM                   000001  00005C  00005D         1       1  COMRAM  
                cstackBANK0                    000060  000082  0000E2        60       1  BANK0   
                bssBANK1                       000100  0000C8  0001C8       100       1  BANK1   
                smallconst                     000600  0000BE  0006BE       300       0  SMALLCON
                text6                          0006BE  002A21  0030DF       35F       0  CODE    
                text5                          0030E0  00005A  00313A      1870       0  CODE    


UNUSED ADDRESS RANGES

        Name                Unused          Largest block    Delta
        BANK0            0000E2-0000FF               1E
        BANK1            0001C8-0001FF               38
        BANK2            000200-0002FF              100
        BANK3            000300-0003FF              100
        BANK4            000400-0004FF              100
        BANK5            000500-0005FF              100
        BIGRAM           00005D-00005F                3
                         0000E2-0000FF               1E
                         0001C8-0005FF              438
        BIGSFR           000F38-000FFF               C8
        CODE             000004-0005FF              5FC
                         0030DF-0030DF                1
                         00313A-007FFF             4EC6
        COMRAM           00005D-00005F                3
        CONST            000004-0005FF              5FC
                         0030DF-0030DF                1
                         00313A-007FFF             4EC6
        EEDATA           F00000-F000FF              100
        MEDIUMCONST      0030DF-0030DF                1
                         00313A-007FFF             4EC6
        RAM              0000E2-0000FF               1E
                         0001C8-0005FF              100
        SFR              000F38-000FFF               28
        SMALLCONST       0030DF-0030DF                1
                         00313A-007FFF              100

                                  Symbol Table

?___fladd                   cstackCOMRAM 000001
?___fldiv                   cstackCOMRAM 000001
?___flmul                   cstackCOMRAM 00000F
?___flneg                   cstackCOMRAM 000001
?___flsub                   cstackCOMRAM 000028
?___fltol                   cstackCOMRAM 000001
?___fpclassifyf             cstackCOMRAM 000001
?___wmul                    cstackCOMRAM 000001
?___xxtofl                  cstackCOMRAM 000001
?_floorf                    cstackCOMRAM 00001A
?_labs                      cstackCOMRAM 000001
?_read_prec_or_width        cstackCOMRAM 000007
?_sprintf                   cstackBANK0  000098
?_vfprintf                  cstackBANK0  000092
LCD_STROBE@lcd_no           cstackCOMRAM 000001
_ADCON0bits                 (abs)        000FC2
_ADCON1                     (abs)        000FC1
_ADCON2                     (abs)        000FC0
_ADRESH                     (abs)        000FC4
_ADRESL                     (abs)        000FC3
_AN                         bssBANK1     0001A0
_ANSELA                     (abs)        000F38
_ANSELB                     (abs)        000F39
_ANSELC                     (abs)        000F3A
_ANSELD                     (abs)        000F3B
_ANSELE                     (abs)        000F3C
_GODONE                     (abs)        007E11
_LCD_STROBE                 text29       003088
_PORTD                      (abs)        000F83
_PORTDbits                  (abs)        000F83
_TRISA                      (abs)        000F92
_TRISB                      (abs)        000F93
_TRISC                      (abs)        000F94
_TRISD                      (abs)        000F95
_TRISE                      (abs)        000F96
_Voltage                    bssBANK1     000100
__HRAM                      (abs)        000000
__H__absolute__             __absolute__ 000000
__Habs1                     abs1         000000
__Hbank0                    bank0        000000
__Hbank1                    bank1        000000
__Hbank2                    bank2        000000
__Hbank3                    bank3        000000
__Hbank4                    bank4        000000
__Hbank5                    bank5        000000
__Hbigbss                   bigbss       000000
__Hbigdata                  bigdata      000000
__Hbigram                   bigram       000000
__Hbigsfr                   bigsfr       000000
__Hbss                      bss          000000
__HbssBANK0                 bssBANK0     000000
__HbssBANK1                 bssBANK1     000000
__HbssCOMRAM                bssCOMRAM    000000
__Hcinit                    cinit        000000
__Hclrtext                  clrtext      000000
__Hcomram                   comram       000000
__Hconfig                   config       30000E
__Hconst                    const        000000
__HcstackBANK0              cstackBANK0  000000
__HcstackCOMRAM             cstackCOMRAM 000000
__Hdata                     data         000000
__HdataBANK0                dataBANK0    000000
__Heeprom_data              eeprom_data  000000
__Hfarbss                   farbss       000000
__Hfardata                  fardata      000000
__Hheap                     heap         000000
__Hibigdata                 ibigdata     000000
__Hidata                    idata        000000
__HidataBANK0               idataBANK0   000000
__Hidloc                    idloc        200008
__Hifardata                 ifardata     000000
__Hinit                     init         000004
__Hintcode                  intcode      000000
__Hintcode_body             intcode_body 000000
__Hintcodelo                intcodelo    000000
__Hintentry                 intentry     000000
__Hintret                   intret       000000
__Hintsave_regs             intsave_regs 000000
__Hirdata                   irdata       000000
__Hmediumconst              mediumconst  000000
__HnvFARRAM                 nvFARRAM     000000
__Hnvbit                    nvbit        000000
__Hnvrram                   nvrram       000000
__Hparam                    rparam       000000
__Hpowerup                  powerup      000000
__Hram                      ram          000000
__Hramtop                   ramtop       000600
__Hrbit                     rbit         000000
__Hrbss                     rbss         000000
__Hrdata                    rdata        000000
__Hreset_vec                reset_vec    000000
__Hrparam                   rparam       000000
__Hsfr                      sfr          000000
__Hsmallconst               smallconst   0006BE
__Hspace_0                  (abs)        00313A
__Hspace_1                  (abs)        0001C8
__Hspace_2                  (abs)        000000
__Hspace_4                  (abs)        60000E
__Hstack                    stack        000000
__Hstruct                   struct       000000
__Htemp                     temp         000000
__Htext                     text         000000
__Htext0                    text0        000000
__Htext1                    text1        000000
__Htext10                   text10       000000
__Htext11                   text11       000000
__Htext12                   text12       000000
__Htext13                   text13       000000
__Htext14                   text14       000000
__Htext15                   text15       000000
__Htext16                   text16       000000
__Htext17                   text17       000000
__Htext18                   text18       000000
__Htext19                   text19       000000
__Htext2                    text2        000000
__Htext20                   text20       000000
__Htext21                   text21       000000
__Htext22                   text22       000000
__Htext23                   text23       000000
__Htext24                   text24       000000
__Htext25                   text25       000000
__Htext26                   text26       000000
__Htext27                   text27       000000
__Htext28                   text28       000000
__Htext29                   text29       000000
__Htext3                    text3        000000
__Htext30                   text30       000000
__Htext4                    text4        000000
__Htext5                    text5        000000
__Htext6                    text6        000000
__Htext7                    text7        000000
__Htext8                    text8        000000
__Htext9                    text9        000000
__LRAM                      (abs)        000001
__L__absolute__             __absolute__ 000000
__Labs1                     abs1         000000
__Lbank0                    bank0        000000
__Lbank1                    bank1        000000
__Lbank2                    bank2        000000
__Lbank3                    bank3        000000
__Lbank4                    bank4        000000
__Lbank5                    bank5        000000
__Lbigbss                   bigbss       000000
__Lbigdata                  bigdata      000000
__Lbigram                   bigram       000000
__Lbigsfr                   bigsfr       000000
__Lbss                      bss          000000
__LbssBANK0                 bssBANK0     000000
__LbssBANK1                 bssBANK1     000000
__LbssCOMRAM                bssCOMRAM    000000
__Lcinit                    cinit        000000
__Lclrtext                  clrtext      000000
__Lcomram                   comram       000000
__Lconfig                   config       000000
__Lconst                    const        000000
__LcstackBANK0              cstackBANK0  000000
__LcstackCOMRAM             cstackCOMRAM 000000
__Ldata                     data         000000
__LdataBANK0                dataBANK0    000000
__Leeprom_data              eeprom_data  000000
__Lfarbss                   farbss       000000
__Lfardata                  fardata      000000
__Lheap                     heap         000000
__Libigdata                 ibigdata     000000
__Lidata                    idata        000000
__LidataBANK0               idataBANK0   000000
__Lidloc                    idloc        000000
__Lifardata                 ifardata     000000
__Linit                     init         000000
__Lintcode                  intcode      000000
__Lintcode_body             intcode_body 000000
__Lintcodelo                intcodelo    000000
__Lintentry                 intentry     000000
__Lintret                   intret       000000
__Lintsave_regs             intsave_regs 000000
__Lirdata                   irdata       000000
__Lmediumconst              mediumconst  000000
__LnvFARRAM                 nvFARRAM     000000
__Lnvbit                    nvbit        000000
__Lnvrram                   nvrram       000000
__Lparam                    rparam       000000
__Lpowerup                  powerup      000000
__Lram                      ram          000000
__Lramtop                   ramtop       000600
__Lrbit                     rbit         000000
__Lrbss                     rbss         000000
__Lrdata                    rdata        000000
__Lreset_vec                reset_vec    000000
__Lrparam                   rparam       000000
__Lsfr                      sfr          000000
__Lsmallconst               smallconst   000600
__Lspace_0                  (abs)        000000
__Lspace_1                  (abs)        000000
__Lspace_2                  (abs)        000000
__Lspace_4                  (abs)        000000
__Lstack                    stack        000000
__Lstruct                   struct       000000
__Ltemp                     temp         000000
__Ltext                     text         000000
__Ltext0                    text0        000000
__Ltext1                    text1        000000
__Ltext10                   text10       000000
__Ltext11                   text11       000000
__Ltext12                   text12       000000
__Ltext13                   text13       000000
__Ltext14                   text14       000000
__Ltext15                   text15       000000
__Ltext16                   text16       000000
__Ltext17                   text17       000000
__Ltext18                   text18       000000
__Ltext19                   text19       000000
__Ltext2                    text2        000000
__Ltext20                   text20       000000
__Ltext21                   text21       000000
__Ltext22                   text22       000000
__Ltext23                   text23       000000
__Ltext24                   text24       000000
__Ltext25                   text25       000000
__Ltext26                   text26       000000
__Ltext27                   text27       000000
__Ltext28                   text28       000000
__Ltext29                   text29       000000
__Ltext3                    text3        000000
__Ltext30                   text30       000000
__Ltext4                    text4        000000
__Ltext5                    text5        000000
__Ltext6                    text6        000000
__Ltext7                    text7        000000
__Ltext8                    text8        000000
__Ltext9                    text9        000000
__S0                        (abs)        00313A
__S1                        (abs)        0001C8
__S4                        (abs)        000000
__S5                        (abs)        000000
___fladd                    text18       0010B8
___fladd@a                  cstackCOMRAM 000005
___fladd@aexp               cstackCOMRAM 00000E
___fladd@b                  cstackCOMRAM 000001
___fladd@bexp               cstackCOMRAM 00000F
___fladd@grs                cstackCOMRAM 000010
___fladd@signs              cstackCOMRAM 00000D
___fldiv                    text23       0019A2
___fldiv@a                  cstackCOMRAM 000005
___fldiv@aexp               cstackCOMRAM 000019
___fldiv@b                  cstackCOMRAM 000001
___fldiv@bexp               cstackCOMRAM 000018
___fldiv@grs                cstackCOMRAM 000014
___fldiv@new_exp            cstackCOMRAM 000012
___fldiv@rem                cstackCOMRAM 00000D
___fldiv@sign               cstackCOMRAM 000011
___fleq                     text22       002C1E
___fleq@ff1                 cstackCOMRAM 000001
___fleq@ff2                 cstackCOMRAM 000005
___flge                     text21       0027E2
___flge@ff1                 cstackCOMRAM 000028
___flge@ff2                 cstackCOMRAM 00002C
___flmul                    text20       001578
___flmul@a                  cstackCOMRAM 000013
___flmul@aexp               cstackCOMRAM 000020
___flmul@b                  cstackCOMRAM 00000F
___flmul@bexp               cstackCOMRAM 000021
___flmul@grs                cstackCOMRAM 00001C
___flmul@prod               cstackCOMRAM 000022
___flmul@sign               cstackCOMRAM 00001B
___flmul@temp               cstackCOMRAM 000026
___flneg                    text19       00301A
___flneg@f1                 cstackCOMRAM 000001
___flsub                    text17       002F12
___flsub@a                  cstackCOMRAM 00002C
___flsub@b                  cstackCOMRAM 000028
___fltol                    text16       0026DC
___fltol@exp1               cstackCOMRAM 00000A
___fltol@f1                 cstackCOMRAM 000001
___fltol@sign1              cstackCOMRAM 000009
___fpclassifyf              text15       0028E6
___fpclassifyf@F465         bssBANK0     0000DD
___fpclassifyf@e            cstackCOMRAM 000009
___fpclassifyf@u            cstackCOMRAM 00000B
___fpclassifyf@x            cstackCOMRAM 000001
___heap_hi                  (abs)        000000
___heap_lo                  (abs)        000000
___inthi_sp                 stack        000000
___intlo_sp                 stack        000000
___param_bank               (abs)        000000
___rparam_used              (abs)        000001
___sp                       stack        000000
___wmul                     text5        0030E0
___wmul@multiplicand        cstackCOMRAM 000003
___wmul@multiplier          cstackCOMRAM 000001
___wmul@product             cstackCOMRAM 000005
___xxtofl                   text30       002528
___xxtofl@arg               cstackCOMRAM 00000B
___xxtofl@exp               cstackCOMRAM 00000A
___xxtofl@sign              cstackCOMRAM 000009
___xxtofl@val               cstackCOMRAM 000001
__accesstop                 (abs)        000060
__activetblptr              (abs)        000002
__end_of_LCD_STROBE         text29       0030B6
__end_of___fladd            text18       001578
__end_of___fldiv            text23       001D3C
__end_of___fleq             text22       002CC8
__end_of___flge             text21       0028E6
__end_of___flmul            text20       0019A2
__end_of___flneg            text19       003052
__end_of___flsub            text17       002F58
__end_of___fltol            text16       0027E2
__end_of___fpclassifyf      text15       0029E4
__end_of___wmul             text5        003106
__end_of___xxtofl           text30       0026DC
__end_of__initialization    cinit        002F08
__end_of_efgtoa             text6        0010B8
__end_of_floorf             text14       002528
__end_of_fputc              text10       002AAE
__end_of_fputs              text9        002F9C
__end_of_labs               text13       002DD4
__end_of_lcd_clear          text26       003126
__end_of_lcd_goto           text27       003138
__end_of_lcd_init           text25       002D6E
__end_of_lcd_puts           text24       003088
__end_of_lcd_write          text28       00301A
__end_of_main               text0        00207E
__end_of_memcpy             text12       002EC6
__end_of_pad                text8        002C1E
__end_of_putch              text11       00313A
__end_of_read_prec_or_width text4        002B74
__end_of_sprintf            text1        002E76
__end_of_strcpy             text7        002FDC
__end_of_vfpfcnvrt          text3        002316
__end_of_vfprintf           text2        002E26
__initialization            cinit        002EC6
__mediumconst               mediumconst  000000
__pbssBANK0                 bssBANK0     0000D9
__pbssBANK1                 bssBANK1     000100
__pbssCOMRAM                bssCOMRAM    000058
__pcinit                    cinit        002EC6
__pcstackBANK0              cstackBANK0  000060
__pcstackCOMRAM             cstackCOMRAM 000001
__pdataBANK0                dataBANK0    0000B0
__pidataBANK0               idataBANK0   0030B6
__psmallconst               smallconst   000600
__ptext0                    text0        001D3C
__ptext1                    text1        002E26
__ptext10                   text10       0029E4
__ptext11                   text11       003138
__ptext12                   text12       002E76
__ptext13                   text13       002D6E
__ptext14                   text14       002316
__ptext15                   text15       0028E6
__ptext16                   text16       0026DC
__ptext17                   text17       002F12
__ptext18                   text18       0010B8
__ptext19                   text19       00301A
__ptext2                    text2        002DD4
__ptext20                   text20       001578
__ptext21                   text21       0027E2
__ptext22                   text22       002C1E
__ptext23                   text23       0019A2
__ptext24                   text24       003052
__ptext25                   text25       002CC8
__ptext26                   text26       003106
__ptext27                   text27       003126
__ptext28                   text28       002FDC
__ptext29                   text29       003088
__ptext3                    text3        00207E
__ptext30                   text30       002528
__ptext4                    text4        002AAE
__ptext5                    text5        0030E0
__ptext6                    text6        0006BE
__ptext7                    text7        002F9C
__ptext8                    text8        002B74
__ptext9                    text9        002F58
__ramtop                    ramtop       000600
__smallconst                smallconst   000600
_an_cnt                     bssBANK0     0000E1
_dbuf                       bssBANK1     000150
_efgtoa                     text6        0006BE
_efgtoa$860                 cstackBANK0  000066
_flags                      bssCOMRAM    00005C
_floorf                     text14       002316
_fputc                      text10       0029E4
_fputs                      text9        002F58
_labs                       text13       002D6E
_lcd_clear                  text26       003106
_lcd_goto                   text27       003126
_lcd_init                   text25       002CC8
_lcd_puts                   text24       003052
_lcd_write                  text28       002FDC
_line                       dataBANK0    0000B0
_main                       text0        001D3C
_memcpy                     text12       002E76
_pad                        text8        002B74
_prec                       bssCOMRAM    00005A
_putch                      text11       003138
_read_prec_or_width         text4        002AAE
_sprintf                    text1        002E26
_strcpy                     text7        002F9C
_vfpfcnvrt                  text3        00207E
_vfprintf                   text2        002DD4
_width                      bssCOMRAM    000058
efgtoa@c                    cstackCOMRAM 00003A
efgtoa@d                    cstackBANK0  00006B
efgtoa@e                    cstackBANK0  00006F
efgtoa@f                    cstackCOMRAM 000036
efgtoa@fp                   cstackCOMRAM 000034
efgtoa@g                    cstackBANK0  000084
efgtoa@h                    cstackBANK0  000079
efgtoa@i                    cstackBANK0  000077
efgtoa@l                    cstackBANK0  00007D
efgtoa@m                    cstackBANK0  00006D
efgtoa@mode                 cstackBANK0  000069
efgtoa@n                    cstackBANK0  000082
efgtoa@ne                   cstackBANK0  000060
efgtoa@nmode                cstackBANK0  00006A
efgtoa@ou                   cstackBANK0  000073
efgtoa@p                    cstackBANK0  000062
efgtoa@pp                   cstackBANK0  000068
efgtoa@sign                 cstackBANK0  000081
efgtoa@t                    cstackBANK0  000064
efgtoa@u                    cstackBANK0  000088
efgtoa@w                    cstackBANK0  000071
end_of_initialization       cinit        002F08
floorf@F526                 bssBANK0     0000D9
floorf@e                    cstackCOMRAM 000028
floorf@m                    cstackCOMRAM 000024
floorf@u                    cstackCOMRAM 00002A
floorf@x                    cstackCOMRAM 00001A
fputc@c                     cstackCOMRAM 000001
fputc@fp                    cstackCOMRAM 000003
fputs@c                     cstackCOMRAM 00000E
fputs@fp                    cstackCOMRAM 00000C
fputs@i                     cstackCOMRAM 00000F
fputs@s                     cstackCOMRAM 00000A
intlevel0                   text         000000
intlevel1                   text         000000
intlevel2                   text         000000
intlevel3                   text         000000
isa$std                     (abs)        000001
isa$xinst                   (abs)        000000
labs@a                      cstackCOMRAM 000001
lcd_clear@lcd_no            cstackCOMRAM 000006
lcd_goto@lcd_no             cstackCOMRAM 000005
lcd_goto@pos                cstackCOMRAM 000006
lcd_init@lcd_no             cstackCOMRAM 000008
lcd_puts@lcd_no             cstackCOMRAM 000007
lcd_puts@s                  cstackCOMRAM 000005
lcd_write@c                 cstackCOMRAM 000004
lcd_write@lcd_no            cstackCOMRAM 000002
memcpy@d                    cstackCOMRAM 000007
memcpy@d1                   cstackCOMRAM 000001
memcpy@n                    cstackCOMRAM 000005
memcpy@s                    cstackCOMRAM 000009
memcpy@s1                   cstackCOMRAM 000003
memcpy@tmp                  cstackCOMRAM 00000B
pad@buf                     cstackCOMRAM 000013
pad@fp                      cstackCOMRAM 000011
pad@i                       cstackCOMRAM 000018
pad@p                       cstackCOMRAM 000015
pad@w                       cstackCOMRAM 00001A
read_prec_or_width@ap       cstackCOMRAM 000009
read_prec_or_width@c        cstackCOMRAM 00000D
read_prec_or_width@fmt      cstackCOMRAM 000007
read_prec_or_width@n        cstackCOMRAM 00000E
sprintf@ap                  cstackCOMRAM 000048
sprintf@f                   cstackCOMRAM 00004A
sprintf@fmt                 cstackBANK0  00009A
sprintf@s                   cstackBANK0  000098
stackhi                     (abs)        000000
stacklo                     (abs)        000000
start                       init         000000
start_initialization        cinit        002EC6
strcpy@d                    cstackCOMRAM 000007
strcpy@dest                 cstackCOMRAM 000001
strcpy@s                    cstackCOMRAM 000005
strcpy@src                  cstackCOMRAM 000003
vfpfcnvrt@ap                cstackBANK0  000090
vfpfcnvrt@c                 cstackCOMRAM 000043
vfpfcnvrt@convarg           cstackCOMRAM 00003F
vfpfcnvrt@cp                cstackCOMRAM 000044
vfpfcnvrt@fmt               cstackBANK0  00008E
vfpfcnvrt@fp                cstackBANK0  00008C
vfprintf@ap                 cstackBANK0  000096
vfprintf@cfmt               cstackCOMRAM 000046
vfprintf@fmt                cstackBANK0  000094
vfprintf@fp                 cstackBANK0  000092


MODULE INFORMATION

Module		Function		Class		Link	Load	Size
C:\Program Files\Microchip\xc8\v2.41\pic\sources\c99\common\__fpclassifyf.c
		___fpclassifyf 		CODE           	28E6	0000	254

C:\Program Files\Microchip\xc8\v2.41\pic\sources\c99\common\__fpclassifyf.c estimated size: 254

C:\Program Files\Microchip\xc8\v2.41\pic\sources\c99\common\floorf.c
		_floorf        		CODE           	2316	0000	530

C:\Program Files\Microchip\xc8\v2.41\pic\sources\c99\common\floorf.c estimated size: 530

C:\Program Files\Microchip\xc8\v2.41\pic\sources\c99\common\flge.c
		___flge        		CODE           	27E2	0000	260

C:\Program Files\Microchip\xc8\v2.41\pic\sources\c99\common\flge.c estimated size: 260

LCD4.c
		_LCD_STROBE    		CODE           	3088	0000	46
		_lcd_puts      		CODE           	3052	0000	54
		_lcd_clear     		CODE           	3106	0000	32
		_lcd_goto      		CODE           	3126	0000	18
		_lcd_write     		CODE           	2FDC	0000	62
		_lcd_init      		CODE           	2CC8	0000	166

LCD4.c estimated size: 378

C:\Program Files\Microchip\xc8\v2.41\pic\sources\c99\common\fltol.c
		___fltol       		CODE           	26DC	0000	262

C:\Program Files\Microchip\xc8\v2.41\pic\sources\c99\common\fltol.c estimated size: 262

C:\Program Files\Microchip\xc8\v2.41\pic\sources\c99\common\xxtofl.c
		___xxtofl      		CODE           	2528	0000	436

C:\Program Files\Microchip\xc8\v2.41\pic\sources\c99\common\xxtofl.c estimated size: 436

C:\Program Files\Microchip\xc8\v2.41\pic\sources\c99\common\nf_fputc.c
		_fputc         		CODE           	29E4	0000	202

C:\Program Files\Microchip\xc8\v2.41\pic\sources\c99\common\nf_fputc.c estimated size: 202

C:\Program Files\Microchip\xc8\v2.41\pic\sources\c99\common\strcpy.c
		_strcpy        		CODE           	2F9C	0000	64

C:\Program Files\Microchip\xc8\v2.41\pic\sources\c99\common\strcpy.c estimated size: 64

C:\Program Files\Microchip\xc8\v2.41\pic\sources\c99\common\nf_sprintf.c
		_sprintf       		CODE           	2E26	0000	80

C:\Program Files\Microchip\xc8\v2.41\pic\sources\c99\common\nf_sprintf.c estimated size: 80

C:\Program Files\Microchip\xc8\v2.41\pic\sources\c99\common\sprcadd.c
		___flsub       		CODE           	2F12	0000	70
		___fladd       		CODE           	10B8	0000	1216

C:\Program Files\Microchip\xc8\v2.41\pic\sources\c99\common\sprcadd.c estimated size: 1286

newmain.c
		_main          		CODE           	1D3C	0000	834

newmain.c estimated size: 834

C:\Program Files\Microchip\xc8\v2.41\pic\sources\c99\common\doprnt.c
		_read_prec_or_width		CODE           	2AAE	0000	198
		_vfpfcnvrt     		CODE           	207E	0000	664
		_efgtoa        		CODE           	06BE	0000	2554
		_pad           		CODE           	2B74	0000	170
		_vfprintf      		CODE           	2DD4	0000	82

C:\Program Files\Microchip\xc8\v2.41\pic\sources\c99\common\doprnt.c estimated size: 3668

C:\Program Files\Microchip\xc8\v2.41\pic\sources\c99\common\flneg.c
		___flneg       		CODE           	301A	0000	56

C:\Program Files\Microchip\xc8\v2.41\pic\sources\c99\common\flneg.c estimated size: 56

C:\Program Files\Microchip\xc8\v2.41\pic\sources\c99\common\fleq.c
		___fleq        		CODE           	2C1E	0000	170

C:\Program Files\Microchip\xc8\v2.41\pic\sources\c99\common\fleq.c estimated size: 170

shared
		__initialization		CODE           	2EC6	0000	66

shared estimated size: 66

C:\Program Files\Microchip\xc8\v2.41\pic\sources\c99\common\memcpy.c
		_memcpy        		CODE           	2E76	0000	80

C:\Program Files\Microchip\xc8\v2.41\pic\sources\c99\common\memcpy.c estimated size: 80

C:\Program Files\Microchip\xc8\v2.41\pic\sources\c99\common\Umul16.c
		___wmul        		CODE           	30E0	0000	38

C:\Program Files\Microchip\xc8\v2.41\pic\sources\c99\common\Umul16.c estimated size: 38

C:\Program Files\Microchip\xc8\v2.41\pic\sources\c99\common\putch.c
		_putch         		CODE           	3138	0000	2

C:\Program Files\Microchip\xc8\v2.41\pic\sources\c99\common\putch.c estimated size: 2

C:\Program Files\Microchip\xc8\v2.41\pic\sources\c99\common\nf_fputs.c
		_fputs         		CODE           	2F58	0000	68

C:\Program Files\Microchip\xc8\v2.41\pic\sources\c99\common\nf_fputs.c estimated size: 68

C:\Program Files\Microchip\xc8\v2.41\pic\sources\c99\common\labs.c
		_labs          		CODE           	2D6E	0000	102

C:\Program Files\Microchip\xc8\v2.41\pic\sources\c99\common\labs.c estimated size: 102

C:\Program Files\Microchip\xc8\v2.41\pic\sources\c99\common\sprcmul.c
		___flmul       		CODE           	1578	0000	1066

C:\Program Files\Microchip\xc8\v2.41\pic\sources\c99\common\sprcmul.c estimated size: 1066

C:\Program Files\Microchip\xc8\v2.41\pic\sources\c99\common\sprcdiv.c
		___fldiv       		CODE           	19A2	0000	922

C:\Program Files\Microchip\xc8\v2.41\pic\sources\c99\common\sprcdiv.c estimated size: 922

